==> connecting to <LAN_IP>:5555
==> capturing device facts
==> stopping prior instance + clearing logcat
==> launching soak: tiles=6 pool=live resolution=auto
==> streaming events to docs/findings/runs/long-soak-6t-live-upstairs-v3-20260531-2229/events.log
==> running for 118800 seconds (Ctrl+C aborts early)
[2026-05-31 22:29:10] pss=53.4MB java=7276KB native=6456KB graphics=0KB
[2026-05-31 22:30:12] pss=96.8MB java=19352KB native=15368KB graphics=4404KB
[2026-05-31 22:31:17] pss=99.2MB java=18916KB native=15760KB graphics=4408KB
[2026-05-31 22:32:32] pss=102.2MB java=19072KB native=15792KB graphics=4756KB
[2026-05-31 22:33:46] pss=110.5MB java=24744KB native=16472KB graphics=4756KB
[2026-05-31 22:34:53] pss=114.4MB java=25220KB native=19180KB graphics=4768KB
[2026-05-31 22:35:58] pss=116.4MB java=27608KB native=17144KB graphics=4756KB
[2026-05-31 22:37:00] pss=122.8MB java=31412KB native=19360KB graphics=4756KB
[2026-05-31 22:38:02] pss=122.4MB java=31276KB native=18544KB graphics=4756KB
[2026-05-31 22:39:04] pss=121.7MB java=30440KB native=18520KB graphics=4756KB
[2026-05-31 22:40:06] pss=123.7MB java=31732KB native=19288KB graphics=4756KB
[2026-05-31 22:41:08] pss=121.8MB java=29680KB native=19336KB graphics=4756KB
[2026-05-31 22:42:10] pss=120.1MB java=28600KB native=18656KB graphics=4756KB
[2026-05-31 22:43:11] pss=114.3MB java=23828KB native=17412KB graphics=4756KB
[2026-05-31 22:44:12] pss=129.2MB java=31768KB native=24908KB graphics=4756KB
[2026-05-31 22:45:13] pss=129.9MB java=31344KB native=25968KB graphics=4756KB
[2026-05-31 22:46:14] pss=128.4MB java=29828KB native=25988KB graphics=4756KB
[2026-05-31 22:47:14] pss=128.5MB java=29884KB native=26068KB graphics=4756KB
[2026-05-31 22:48:15] pss=128.4MB java=29892KB native=25876KB graphics=4756KB
[2026-05-31 22:49:16] pss=128.4MB java=29884KB native=25880KB graphics=4756KB
[2026-05-31 22:50:17] pss=129.1MB java=30268KB native=26240KB graphics=4756KB
[2026-05-31 22:51:17] pss=128.4MB java=29780KB native=25944KB graphics=4756KB
[2026-05-31 22:52:18] pss=129.1MB java=30208KB native=26244KB graphics=4756KB
[2026-05-31 22:53:19] pss=130.2MB java=30336KB native=27316KB graphics=4756KB
[2026-05-31 22:54:20] pss=128.7MB java=29720KB native=26228KB graphics=4756KB
[2026-05-31 22:55:20] pss=128.6MB java=29616KB native=26228KB graphics=4756KB
[2026-05-31 22:56:21] pss=128.6MB java=29624KB native=26216KB graphics=4756KB
[2026-05-31 22:57:22] pss=130.2MB java=30208KB native=27152KB graphics=4756KB
[2026-05-31 22:58:22] pss=129.0MB java=29712KB native=26444KB graphics=4756KB
[2026-05-31 22:59:23] pss=128.7MB java=29616KB native=26212KB graphics=4756KB
[2026-05-31 23:00:24] pss=128.7MB java=29612KB native=26212KB graphics=4756KB
[2026-05-31 23:01:24] pss=130.2MB java=30268KB native=27144KB graphics=4756KB
[2026-05-31 23:02:25] pss=128.9MB java=29808KB native=26260KB graphics=4756KB
[2026-05-31 23:03:26] pss=130.3MB java=30284KB native=27244KB graphics=4756KB
[2026-05-31 23:04:27] pss=129.0MB java=29776KB native=26328KB graphics=4756KB
[2026-05-31 23:05:27] pss=128.8MB java=29684KB native=26248KB graphics=4756KB
[2026-05-31 23:06:28] pss=128.8MB java=29684KB native=26248KB graphics=4756KB
[2026-05-31 23:07:29] pss=128.8MB java=29676KB native=26248KB graphics=4756KB
[2026-05-31 23:08:29] pss=128.8MB java=29684KB native=26252KB graphics=4756KB
[2026-05-31 23:09:30] pss=128.8MB java=29684KB native=26256KB graphics=4756KB
[2026-05-31 23:10:31] pss=130.4MB java=30328KB native=27160KB graphics=4756KB
[2026-05-31 23:11:31] pss=129.0MB java=29780KB native=26272KB graphics=4756KB
[2026-05-31 23:12:32] pss=128.8MB java=29688KB native=26160KB graphics=4756KB
[2026-05-31 23:13:33] pss=128.9MB java=29688KB native=26292KB graphics=4756KB
[2026-05-31 23:14:34] pss=130.3MB java=30280KB native=27112KB graphics=4756KB
[2026-05-31 23:15:34] pss=129.0MB java=29772KB native=26284KB graphics=4756KB
[2026-05-31 23:16:35] pss=128.8MB java=29692KB native=26192KB graphics=4756KB
[2026-05-31 23:17:36] pss=128.9MB java=29780KB native=26204KB graphics=4756KB
[2026-05-31 23:18:36] pss=129.0MB java=29784KB native=26224KB graphics=4756KB
[2026-05-31 23:19:37] pss=130.1MB java=30036KB native=27148KB graphics=4756KB
[2026-05-31 23:20:38] pss=130.5MB java=30384KB native=27176KB graphics=4756KB
[2026-05-31 23:21:39] pss=129.2MB java=29848KB native=26376KB graphics=4756KB
[2026-05-31 23:22:39] pss=129.0MB java=29760KB native=26248KB graphics=4756KB
[2026-05-31 23:23:40] pss=129.0MB java=29748KB native=26248KB graphics=4756KB
[2026-05-31 23:24:41] pss=129.0MB java=29756KB native=26248KB graphics=4756KB
[2026-05-31 23:25:41] pss=130.6MB java=30440KB native=27188KB graphics=4756KB
[2026-05-31 23:26:42] pss=130.6MB java=30512KB native=27176KB graphics=4756KB
[2026-05-31 23:27:43] pss=130.8MB java=30504KB native=27308KB graphics=4756KB
[2026-05-31 23:28:44] pss=133.4MB java=31624KB native=28932KB graphics=4756KB
[2026-05-31 23:29:44] pss=131.2MB java=30632KB native=27660KB graphics=4756KB
[2026-05-31 23:30:45] pss=129.9MB java=29856KB native=27076KB graphics=4756KB
[2026-05-31 23:31:46] pss=129.7MB java=29764KB native=26936KB graphics=4756KB
[2026-05-31 23:32:47] pss=129.7MB java=29760KB native=26936KB graphics=4756KB
[2026-05-31 23:33:47] pss=129.7MB java=29756KB native=26936KB graphics=4756KB
[2026-05-31 23:34:48] pss=132.5MB java=30936KB native=28680KB graphics=4756KB
[2026-05-31 23:35:49] pss=132.7MB java=31124KB native=28760KB graphics=4756KB
[2026-05-31 23:36:49] pss=130.0MB java=29948KB native=27108KB graphics=4756KB
[2026-05-31 23:37:50] pss=129.7MB java=29764KB native=26944KB graphics=4756KB
[2026-05-31 23:38:51] pss=129.7MB java=29756KB native=26956KB graphics=4756KB
[2026-05-31 23:39:52] pss=129.6MB java=29756KB native=26876KB graphics=4756KB
[2026-05-31 23:40:52] pss=130.9MB java=30344KB native=27612KB graphics=4756KB
[2026-05-31 23:41:53] pss=129.7MB java=29840KB native=26864KB graphics=4756KB
[2026-05-31 23:42:54] pss=129.6MB java=29692KB native=26864KB graphics=4756KB
[2026-05-31 23:43:54] pss=129.6MB java=29688KB native=26868KB graphics=4756KB
[2026-05-31 23:44:55] pss=129.6MB java=29724KB native=26864KB graphics=4756KB
[2026-05-31 23:45:56] pss=129.6MB java=29696KB native=26868KB graphics=4756KB
[2026-05-31 23:46:57] pss=129.5MB java=29684KB native=26844KB graphics=4756KB
[2026-05-31 23:47:57] pss=129.6MB java=29692KB native=26900KB graphics=4756KB
[2026-05-31 23:48:58] pss=130.9MB java=30288KB native=27656KB graphics=4756KB
[2026-05-31 23:49:59] pss=129.8MB java=29780KB native=27092KB graphics=4756KB
[2026-05-31 23:50:59] pss=129.6MB java=29692KB native=26896KB graphics=4756KB
[2026-05-31 23:52:00] pss=129.6MB java=29684KB native=26896KB graphics=4756KB
[2026-05-31 23:53:01] pss=129.7MB java=29724KB native=26896KB graphics=4756KB
[2026-05-31 23:54:02] pss=129.6MB java=29700KB native=26896KB graphics=4756KB
[2026-05-31 23:55:02] pss=129.6MB java=29684KB native=26896KB graphics=4756KB
[2026-05-31 23:56:03] pss=129.6MB java=29692KB native=26896KB graphics=4756KB
[2026-05-31 23:57:04] pss=129.7MB java=29708KB native=26900KB graphics=4756KB
[2026-05-31 23:58:04] pss=129.8MB java=29776KB native=27012KB graphics=4756KB
[2026-05-31 23:59:05] pss=129.7MB java=29692KB native=26924KB graphics=4756KB
[2026-06-01 00:00:06] pss=129.6MB java=29684KB native=26920KB graphics=4756KB
[2026-06-01 00:01:07] pss=129.8MB java=29780KB native=26944KB graphics=4756KB
[2026-06-01 00:02:07] pss=129.8MB java=29812KB native=26980KB graphics=4756KB
[2026-06-01 00:03:08] pss=130.0MB java=29716KB native=26896KB graphics=4756KB
[2026-06-01 00:04:09] pss=130.0MB java=29712KB native=26896KB graphics=4756KB
[2026-06-01 00:05:10] pss=130.1MB java=29724KB native=26904KB graphics=4756KB
[2026-06-01 00:06:10] pss=130.2MB java=29800KB native=26956KB graphics=4756KB
[2026-06-01 00:07:11] pss=130.1MB java=29708KB native=26908KB graphics=4756KB
[2026-06-01 00:08:12] pss=130.1MB java=29704KB native=26916KB graphics=4756KB
[2026-06-01 00:09:13] pss=131.5MB java=30356KB native=27688KB graphics=4756KB
[2026-06-01 00:10:13] pss=130.3MB java=29780KB native=27096KB graphics=4756KB
[2026-06-01 00:11:14] pss=131.4MB java=30276KB native=27784KB graphics=4756KB
[2026-06-01 00:12:15] pss=130.2MB java=29780KB native=26984KB graphics=4756KB
[2026-06-01 00:13:16] pss=130.0MB java=29680KB native=26896KB graphics=4756KB
[2026-06-01 00:14:16] pss=131.4MB java=30284KB native=27664KB graphics=4756KB
[2026-06-01 00:15:17] pss=130.3MB java=29776KB native=27032KB graphics=4756KB
[2026-06-01 00:16:18] pss=131.4MB java=30276KB native=27668KB graphics=4756KB
[2026-06-01 00:17:19] pss=130.3MB java=29784KB native=27052KB graphics=4756KB
[2026-06-01 00:18:19] pss=131.4MB java=30308KB native=27668KB graphics=4756KB
[2026-06-01 00:19:20] pss=130.3MB java=29784KB native=27052KB graphics=4756KB
[2026-06-01 00:20:21] pss=130.1MB java=29692KB native=26908KB graphics=4756KB
[2026-06-01 00:21:21] pss=130.1MB java=29692KB native=26908KB graphics=4756KB
[2026-06-01 00:22:22] pss=130.2MB java=29800KB native=26908KB graphics=4756KB
[2026-06-01 00:23:23] pss=130.3MB java=29844KB native=27012KB graphics=4756KB
[2026-06-01 00:24:23] pss=130.2MB java=29688KB native=27056KB graphics=4756KB
[2026-06-01 00:25:24] pss=130.2MB java=29676KB native=27056KB graphics=4756KB
[2026-06-01 00:26:25] pss=130.2MB java=29732KB native=27000KB graphics=4756KB
[2026-06-01 00:27:25] pss=132.9MB java=30868KB native=28664KB graphics=4756KB
[2026-06-01 00:28:26] pss=130.4MB java=29868KB native=27040KB graphics=4756KB
[2026-06-01 00:29:27] pss=130.1MB java=29684KB native=26948KB graphics=4756KB
[2026-06-01 00:30:28] pss=130.1MB java=29684KB native=26948KB graphics=4756KB
[2026-06-01 00:31:28] pss=131.2MB java=30080KB native=27716KB graphics=4756KB
[2026-06-01 00:32:29] pss=130.3MB java=29772KB native=27056KB graphics=4756KB
[2026-06-01 00:33:30] pss=131.3MB java=30276KB native=27640KB graphics=4756KB
[2026-06-01 00:34:30] pss=131.5MB java=30372KB native=27668KB graphics=4756KB
[2026-06-01 00:35:31] pss=131.6MB java=30448KB native=27744KB graphics=4756KB
[2026-06-01 00:36:32] pss=131.6MB java=30468KB native=27728KB graphics=4756KB
[2026-06-01 00:37:32] pss=131.5MB java=30372KB native=27668KB graphics=4756KB
[2026-06-01 00:38:33] pss=131.5MB java=30368KB native=27680KB graphics=4756KB
[2026-06-01 00:39:34] pss=133.0MB java=30964KB native=28636KB graphics=4756KB
[2026-06-01 00:40:35] pss=131.7MB java=30472KB native=27760KB graphics=4756KB
[2026-06-01 00:41:35] pss=131.4MB java=30368KB native=27636KB graphics=4756KB
[2026-06-01 00:42:36] pss=130.2MB java=29776KB native=26992KB graphics=4756KB
[2026-06-01 00:43:37] pss=130.1MB java=29724KB native=26908KB graphics=4756KB
[2026-06-01 00:44:37] pss=131.3MB java=30268KB native=27640KB graphics=4756KB
[2026-06-01 00:45:38] pss=130.2MB java=29788KB native=26932KB graphics=4756KB
[2026-06-01 00:46:39] pss=130.1MB java=29688KB native=26912KB graphics=4756KB
[2026-06-01 00:47:40] pss=130.1MB java=29692KB native=26912KB graphics=4756KB
[2026-06-01 00:48:40] pss=132.9MB java=30860KB native=28640KB graphics=4756KB
[2026-06-01 00:49:41] pss=131.7MB java=30480KB native=27768KB graphics=4756KB
[2026-06-01 00:50:42] pss=130.2MB java=29784KB native=26972KB graphics=4756KB
[2026-06-01 00:51:43] pss=129.9MB java=29736KB native=26876KB graphics=4756KB
[2026-06-01 00:52:43] pss=131.2MB java=30240KB native=27752KB graphics=4756KB
[2026-06-01 00:53:44] pss=133.0MB java=30968KB native=28780KB graphics=4756KB
[2026-06-01 00:54:45] pss=133.0MB java=31060KB native=28688KB graphics=4756KB
[2026-06-01 00:55:46] pss=131.6MB java=30464KB native=27824KB graphics=4756KB
[2026-06-01 00:56:46] pss=130.1MB java=29780KB native=26980KB graphics=4756KB
[2026-06-01 00:57:47] pss=130.0MB java=29692KB native=26952KB graphics=4756KB
[2026-06-01 00:58:48] pss=131.3MB java=30276KB native=27712KB graphics=4756KB
[2026-06-01 00:59:48] pss=130.1MB java=29784KB native=27036KB graphics=4756KB
[2026-06-01 01:00:49] pss=132.8MB java=30908KB native=28696KB graphics=4756KB
[2026-06-01 01:01:50] pss=131.8MB java=30476KB native=28064KB graphics=4756KB
[2026-06-01 01:02:50] pss=130.1MB java=29772KB native=26980KB graphics=4756KB
[2026-06-01 01:03:51] pss=129.9MB java=29688KB native=26884KB graphics=4756KB
[2026-06-01 01:04:52] pss=129.9MB java=29688KB native=26884KB graphics=4756KB
[2026-06-01 01:05:52] pss=132.8MB java=30868KB native=28692KB graphics=4756KB
[2026-06-01 01:06:53] pss=131.6MB java=30464KB native=27880KB graphics=4756KB
[2026-06-01 01:07:54] pss=132.9MB java=30956KB native=28696KB graphics=4756KB
[2026-06-01 01:08:54] pss=133.9MB java=31644KB native=29040KB graphics=4756KB
[2026-06-01 01:09:55] pss=131.6MB java=30600KB native=27768KB graphics=4756KB
[2026-06-01 01:10:56] pss=135.5MB java=32152KB native=30212KB graphics=4756KB
[2026-06-01 01:11:57] pss=132.1MB java=30660KB native=28160KB graphics=4756KB
[2026-06-01 01:12:57] pss=131.8MB java=30380KB native=28156KB graphics=4756KB
[2026-06-01 01:13:58] pss=131.8MB java=30376KB native=28160KB graphics=4756KB
[2026-06-01 01:14:59] pss=131.8MB java=30396KB native=28160KB graphics=4756KB
[2026-06-01 01:15:59] pss=135.6MB java=33664KB native=28988KB graphics=4756KB
[2026-06-01 01:17:00] pss=134.0MB java=33288KB native=28368KB graphics=4756KB
[2026-06-01 01:18:01] pss=133.4MB java=33056KB native=28020KB graphics=4756KB
[2026-06-01 01:19:02] pss=132.3MB java=32724KB native=27248KB graphics=4756KB
[2026-06-01 01:20:02] pss=132.1MB java=32640KB native=27108KB graphics=4756KB
[2026-06-01 01:21:03] pss=132.3MB java=32772KB native=27192KB graphics=4756KB
[2026-06-01 01:22:04] pss=132.3MB java=32764KB native=27192KB graphics=4756KB
[2026-06-01 01:23:05] pss=132.4MB java=32772KB native=27296KB graphics=4756KB
[2026-06-01 01:24:05] pss=132.4MB java=32764KB native=27292KB graphics=4756KB
[2026-06-01 01:25:06] pss=132.4MB java=32776KB native=27292KB graphics=4756KB
[2026-06-01 01:26:07] pss=133.9MB java=33408KB native=28180KB graphics=4756KB
[2026-06-01 01:27:08] pss=133.2MB java=33124KB native=27680KB graphics=4756KB
[2026-06-01 01:28:08] pss=132.4MB java=32852KB native=27164KB graphics=4756KB
[2026-06-01 01:29:09] pss=133.9MB java=33428KB native=28152KB graphics=4756KB
[2026-06-01 01:30:10] pss=135.4MB java=34168KB native=28936KB graphics=4756KB
[2026-06-01 01:31:10] pss=135.7MB java=34120KB native=29280KB graphics=4756KB
[2026-06-01 01:32:11] pss=135.4MB java=34232KB native=28904KB graphics=4756KB
[2026-06-01 01:33:12] pss=135.5MB java=34276KB native=28904KB graphics=4756KB
[2026-06-01 01:34:13] pss=134.3MB java=33704KB native=28240KB graphics=4756KB
[2026-06-01 01:35:14] pss=135.4MB java=34208KB native=28904KB graphics=4756KB
[2026-06-01 01:36:14] pss=137.1MB java=34872KB native=29948KB graphics=4756KB
[2026-06-01 01:37:15] pss=132.8MB java=33192KB native=27264KB graphics=4756KB
[2026-06-01 01:38:16] pss=135.3MB java=34088KB native=28960KB graphics=4756KB
[2026-06-01 01:39:16] pss=135.5MB java=34276KB native=28960KB graphics=4756KB
[2026-06-01 01:40:17] pss=135.5MB java=34280KB native=28960KB graphics=4756KB
[2026-06-01 01:41:18] pss=137.0MB java=34864KB native=29952KB graphics=4756KB
[2026-06-01 01:42:19] pss=137.1MB java=34960KB native=29952KB graphics=4756KB
[2026-06-01 01:43:19] pss=137.1MB java=35000KB native=29980KB graphics=4756KB
[2026-06-01 01:44:20] pss=134.5MB java=33788KB native=28492KB graphics=4756KB
[2026-06-01 01:45:21] pss=134.2MB java=33588KB native=28404KB graphics=4756KB
[2026-06-01 01:46:22] pss=135.5MB java=34176KB native=29164KB graphics=4756KB
[2026-06-01 01:47:22] pss=134.3MB java=33692KB native=28460KB graphics=4756KB
[2026-06-01 01:48:23] pss=132.7MB java=33000KB native=27472KB graphics=4756KB
[2026-06-01 01:49:24] pss=132.5MB java=32900KB native=27344KB graphics=4756KB
[2026-06-01 01:50:25] pss=132.5MB java=32908KB native=27348KB graphics=4756KB
[2026-06-01 01:51:25] pss=132.6MB java=32944KB native=27344KB graphics=4756KB
[2026-06-01 01:52:26] pss=132.5MB java=32912KB native=27348KB graphics=4756KB
[2026-06-01 01:53:27] pss=132.3MB java=32840KB native=27348KB graphics=4756KB
[2026-06-01 01:54:28] pss=135.3MB java=34200KB native=29076KB graphics=4756KB
[2026-06-01 01:55:28] pss=133.1MB java=33000KB native=28012KB graphics=4756KB
[2026-06-01 01:56:29] pss=136.5MB java=34664KB native=29884KB graphics=4756KB
[2026-06-01 01:57:30] pss=135.7MB java=34364KB native=29324KB graphics=4756KB
[2026-06-01 01:58:31] pss=142.0MB java=41168KB native=28896KB graphics=4776KB
[2026-06-01 01:59:31] pss=123.4MB java=29824KB native=21064KB graphics=4764KB
[2026-06-01 02:00:32] pss=127.3MB java=30760KB native=23984KB graphics=4768KB
[2026-06-01 02:01:32] pss=126.2MB java=29852KB native=23672KB graphics=4760KB
[2026-06-01 02:02:33] pss=125.1MB java=28920KB native=23464KB graphics=4756KB
[2026-06-01 02:03:34] pss=122.1MB java=27972KB native=21276KB graphics=4776KB
[2026-06-01 02:04:34] pss=123.8MB java=27924KB native=22952KB graphics=4768KB
[2026-06-01 02:05:35] pss=126.0MB java=29504KB native=23604KB graphics=4772KB
[2026-06-01 02:06:35] pss=122.4MB java=28228KB native=21136KB graphics=4772KB
[2026-06-01 02:07:36] pss=122.3MB java=28200KB native=20988KB graphics=4768KB
[2026-06-01 02:08:37] pss=122.9MB java=28844KB native=20984KB graphics=4768KB
[2026-06-01 02:09:37] pss=125.0MB java=30200KB native=21772KB graphics=4760KB
[2026-06-01 02:10:38] pss=125.3MB java=29592KB native=22608KB graphics=4772KB
[2026-06-01 02:11:39] pss=126.4MB java=29500KB native=23788KB graphics=4776KB
[2026-06-01 02:12:39] pss=126.7MB java=29832KB native=23744KB graphics=4784KB
[2026-06-01 02:13:40] pss=128.4MB java=30404KB native=24892KB graphics=4768KB
[2026-06-01 02:14:40] pss=124.4MB java=29752KB native=21384KB graphics=4772KB
[2026-06-01 02:15:41] pss=124.7MB java=29788KB native=21712KB graphics=4772KB
[2026-06-01 02:16:42] pss=124.4MB java=28660KB native=22472KB graphics=4772KB
[2026-06-01 02:17:42] pss=124.5MB java=28848KB native=22460KB graphics=4768KB
[2026-06-01 02:18:43] pss=124.1MB java=28416KB native=22504KB graphics=4768KB
[2026-06-01 02:19:44] pss=124.5MB java=28776KB native=22480KB graphics=4768KB
[2026-06-01 02:20:44] pss=125.0MB java=29576KB native=22164KB graphics=4776KB
[2026-06-01 02:21:45] pss=122.6MB java=28240KB native=21088KB graphics=4772KB
[2026-06-01 02:22:45] pss=125.6MB java=29864KB native=22524KB graphics=4768KB
[2026-06-01 02:23:46] pss=123.0MB java=28780KB native=20908KB graphics=4768KB
[2026-06-01 02:24:47] pss=124.2MB java=28272KB native=22708KB graphics=4756KB
[2026-06-01 02:25:47] pss=126.4MB java=29676KB native=23492KB graphics=4772KB
[2026-06-01 02:26:48] pss=127.3MB java=29712KB native=24416KB graphics=4768KB
[2026-06-01 02:27:48] pss=123.5MB java=29272KB native=20960KB graphics=4768KB
[2026-06-01 02:28:49] pss=123.4MB java=28944KB native=21140KB graphics=4776KB
[2026-06-01 02:29:50] pss=125.1MB java=28540KB native=23292KB graphics=4768KB
[2026-06-01 02:30:50] pss=125.1MB java=29800KB native=22080KB graphics=4772KB
[2026-06-01 02:31:51] pss=123.6MB java=28288KB native=22052KB graphics=4768KB
[2026-06-01 02:32:52] pss=125.5MB java=29352KB native=22932KB graphics=4768KB
[2026-06-01 02:33:52] pss=124.2MB java=28184KB native=22788KB graphics=4760KB
[2026-06-01 02:34:53] pss=124.7MB java=28536KB native=22952KB graphics=4768KB
[2026-06-01 02:35:53] pss=124.4MB java=28152KB native=22976KB graphics=4772KB
[2026-06-01 02:36:54] pss=123.0MB java=28440KB native=21340KB graphics=4772KB
[2026-06-01 02:37:55] pss=123.3MB java=29012KB native=20948KB graphics=4772KB
[2026-06-01 02:38:55] pss=124.3MB java=29812KB native=21252KB graphics=4772KB
[2026-06-01 02:39:56] pss=124.6MB java=28644KB native=22644KB graphics=4772KB
[2026-06-01 02:40:56] pss=124.3MB java=28288KB native=22740KB graphics=4768KB
[2026-06-01 02:41:57] pss=122.8MB java=28504KB native=20940KB graphics=4772KB
[2026-06-01 02:42:58] pss=123.2MB java=29220KB native=20696KB graphics=4772KB
[2026-06-01 02:43:58] pss=122.7MB java=28580KB native=20836KB graphics=4768KB
[2026-06-01 02:44:59] pss=126.8MB java=29924KB native=23684KB graphics=4772KB
[2026-06-01 02:46:00] pss=122.4MB java=28416KB native=20624KB graphics=4768KB
[2026-06-01 02:47:00] pss=125.4MB java=29040KB native=23084KB graphics=4760KB
[2026-06-01 02:48:01] pss=123.4MB java=28268KB native=21776KB graphics=4780KB
[2026-06-01 02:49:01] pss=122.4MB java=28200KB native=20864KB graphics=4768KB
[2026-06-01 02:50:02] pss=125.9MB java=29508KB native=23184KB graphics=4768KB
[2026-06-01 02:51:03] pss=124.4MB java=28388KB native=22724KB graphics=4768KB
[2026-06-01 02:52:03] pss=125.9MB java=29260KB native=23372KB graphics=4768KB
[2026-06-01 02:53:04] pss=122.6MB java=28408KB native=20840KB graphics=4768KB
[2026-06-01 02:54:05] pss=122.8MB java=28592KB native=20916KB graphics=4768KB
[2026-06-01 02:55:05] pss=122.9MB java=28572KB native=21016KB graphics=4772KB
[2026-06-01 02:56:06] pss=125.8MB java=29008KB native=23632KB graphics=4772KB
[2026-06-01 02:57:06] pss=124.3MB java=27956KB native=23068KB graphics=4772KB
[2026-06-01 02:58:07] pss=122.7MB java=28444KB native=20972KB graphics=4768KB
[2026-06-01 02:59:08] pss=124.9MB java=28684KB native=22976KB graphics=4780KB
[2026-06-01 03:00:08] pss=126.3MB java=29548KB native=23544KB graphics=4768KB
[2026-06-01 03:01:09] pss=125.0MB java=29500KB native=22308KB graphics=4768KB
[2026-06-01 03:02:10] pss=122.3MB java=28240KB native=20796KB graphics=4772KB
[2026-06-01 03:03:10] pss=125.0MB java=28876KB native=22852KB graphics=4768KB
[2026-06-01 03:04:11] pss=125.3MB java=29740KB native=22364KB graphics=4768KB
[2026-06-01 03:05:11] pss=123.5MB java=29220KB native=21028KB graphics=4768KB
[2026-06-01 03:06:12] pss=126.6MB java=29964KB native=23408KB graphics=4768KB
[2026-06-01 03:07:13] pss=124.6MB java=28548KB native=22792KB graphics=4768KB
[2026-06-01 03:08:13] pss=124.3MB java=28316KB native=22740KB graphics=4768KB
[2026-06-01 03:09:14] pss=124.9MB java=28416KB native=23248KB graphics=4756KB
[2026-06-01 03:10:15] pss=122.4MB java=28040KB native=21032KB graphics=4772KB
[2026-06-01 03:11:15] pss=124.6MB java=28368KB native=22992KB graphics=4768KB
[2026-06-01 03:12:16] pss=121.8MB java=28340KB native=20156KB graphics=4768KB
[2026-06-01 03:13:16] pss=122.7MB java=28264KB native=21152KB graphics=4768KB
[2026-06-01 03:14:17] pss=122.9MB java=28484KB native=21060KB graphics=4772KB
[2026-06-01 03:15:18] pss=126.1MB java=29332KB native=23496KB graphics=4772KB
[2026-06-01 03:16:18] pss=122.9MB java=28660KB native=20912KB graphics=4772KB
[2026-06-01 03:17:19] pss=124.4MB java=28460KB native=22636KB graphics=4768KB
[2026-06-01 03:18:19] pss=125.7MB java=28208KB native=24288KB graphics=4760KB
[2026-06-01 03:19:20] pss=123.8MB java=29468KB native=21076KB graphics=4768KB
[2026-06-01 03:20:21] pss=123.4MB java=29708KB native=20396KB graphics=4768KB
[2026-06-01 03:21:21] pss=123.2MB java=29180KB native=20688KB graphics=4768KB
[2026-06-01 03:22:22] pss=125.5MB java=29324KB native=22876KB graphics=4776KB
[2026-06-01 03:23:23] pss=124.7MB java=29860KB native=21548KB graphics=4772KB
[2026-06-01 03:24:23] pss=125.7MB java=29256KB native=23256KB graphics=4768KB
[2026-06-01 03:25:24] pss=123.8MB java=29124KB native=21468KB graphics=4772KB
[2026-06-01 03:26:24] pss=122.9MB java=29096KB native=20508KB graphics=4768KB
[2026-06-01 03:27:25] pss=125.9MB java=29408KB native=23204KB graphics=4776KB
[2026-06-01 03:28:26] pss=127.3MB java=29648KB native=24512KB graphics=4756KB
[2026-06-01 03:29:26] pss=125.0MB java=28960KB native=22828KB graphics=4776KB
[2026-06-01 03:30:27] pss=122.6MB java=28284KB native=21012KB graphics=4776KB
[2026-06-01 03:31:28] pss=126.5MB java=28152KB native=25152KB graphics=4768KB
[2026-06-01 03:32:28] pss=124.2MB java=28104KB native=22836KB graphics=4768KB
[2026-06-01 03:33:29] pss=122.9MB java=28708KB native=20932KB graphics=4760KB
[2026-06-01 03:34:29] pss=125.6MB java=29108KB native=23256KB graphics=4784KB
[2026-06-01 03:35:30] pss=122.3MB java=28152KB native=20848KB graphics=4768KB
[2026-06-01 03:36:31] pss=124.6MB java=28452KB native=22872KB graphics=4772KB
[2026-06-01 03:37:31] pss=122.6MB java=28292KB native=20940KB graphics=4784KB
[2026-06-01 03:38:32] pss=124.6MB java=28628KB native=22676KB graphics=4768KB
[2026-06-01 03:39:33] pss=124.2MB java=28116KB native=22856KB graphics=4768KB
[2026-06-01 03:40:33] pss=124.0MB java=28180KB native=22572KB graphics=4768KB
[2026-06-01 03:41:34] pss=124.6MB java=28484KB native=22812KB graphics=4768KB
[2026-06-01 03:42:34] pss=122.6MB java=28424KB native=20852KB graphics=4768KB
[2026-06-01 03:43:35] pss=124.3MB java=28432KB native=22596KB graphics=4768KB
[2026-06-01 03:44:36] pss=125.2MB java=29000KB native=22960KB graphics=4768KB
[2026-06-01 03:45:36] pss=123.1MB java=28148KB native=21804KB graphics=4768KB
[2026-06-01 03:46:37] pss=122.4MB java=28276KB native=20964KB graphics=4768KB
[2026-06-01 03:47:38] pss=122.5MB java=28284KB native=20992KB graphics=4768KB
[2026-06-01 03:48:38] pss=122.6MB java=28592KB native=20812KB graphics=4780KB
[2026-06-01 03:49:39] pss=122.5MB java=28360KB native=20996KB graphics=4772KB
[2026-06-01 03:50:39] pss=124.3MB java=28504KB native=22688KB graphics=4768KB
[2026-06-01 03:51:40] pss=124.5MB java=28640KB native=22664KB graphics=4772KB
[2026-06-01 03:52:41] pss=122.5MB java=28332KB native=21020KB graphics=4772KB
[2026-06-01 03:53:41] pss=122.7MB java=28604KB native=20956KB graphics=4772KB
[2026-06-01 03:54:42] pss=125.3MB java=28816KB native=23388KB graphics=4772KB
[2026-06-01 03:55:42] pss=123.9MB java=28340KB native=22412KB graphics=4772KB
[2026-06-01 03:56:43] pss=122.2MB java=28400KB native=20652KB graphics=4772KB
[2026-06-01 03:57:44] pss=121.3MB java=28328KB native=19696KB graphics=4772KB
[2026-06-01 03:58:44] pss=124.0MB java=28324KB native=22472KB graphics=4768KB
[2026-06-01 03:59:45] pss=122.2MB java=28288KB native=20700KB graphics=4768KB
[2026-06-01 04:00:46] pss=122.2MB java=28324KB native=20684KB graphics=4776KB
[2026-06-01 04:01:46] pss=122.0MB java=28152KB native=20628KB graphics=4768KB
[2026-06-01 04:02:47] pss=124.1MB java=28592KB native=22328KB graphics=4768KB
[2026-06-01 04:03:47] pss=123.5MB java=28256KB native=22092KB graphics=4772KB
[2026-06-01 04:04:48] pss=123.9MB java=29336KB native=21396KB graphics=4768KB
[2026-06-01 04:05:49] pss=123.9MB java=28312KB native=22440KB graphics=4756KB
[2026-06-01 04:06:49] pss=121.1MB java=28360KB native=19564KB graphics=4768KB
[2026-06-01 04:07:50] pss=122.1MB java=28184KB native=20688KB graphics=4768KB
[2026-06-01 04:08:50] pss=122.9MB java=28336KB native=21444KB graphics=4756KB
[2026-06-01 04:09:51] pss=123.8MB java=28292KB native=22328KB graphics=4784KB
[2026-06-01 04:10:52] pss=124.3MB java=28748KB native=22440KB graphics=4776KB
[2026-06-01 04:11:52] pss=121.2MB java=28340KB native=19660KB graphics=4768KB
[2026-06-01 04:12:53] pss=123.9MB java=28320KB native=22416KB graphics=4776KB
[2026-06-01 04:13:54] pss=122.4MB java=28616KB native=20628KB graphics=4772KB
[2026-06-01 04:14:54] pss=124.7MB java=28648KB native=22960KB graphics=4772KB
[2026-06-01 04:15:55] pss=122.9MB java=28652KB native=21020KB graphics=4776KB
[2026-06-01 04:16:55] pss=123.2MB java=29036KB native=20960KB graphics=4768KB
[2026-06-01 04:17:56] pss=126.7MB java=30344KB native=23276KB graphics=4780KB
[2026-06-01 04:18:57] pss=124.2MB java=28492KB native=22608KB graphics=4772KB
[2026-06-01 04:19:57] pss=125.8MB java=30388KB native=22288KB graphics=4784KB
[2026-06-01 04:20:58] pss=124.2MB java=29336KB native=21700KB graphics=4768KB
[2026-06-01 04:21:59] pss=124.7MB java=29740KB native=21884KB graphics=4760KB
[2026-06-01 04:22:59] pss=126.1MB java=29816KB native=23272KB graphics=4768KB
[2026-06-01 04:24:00] pss=126.7MB java=31196KB native=22472KB graphics=4772KB
[2026-06-01 04:25:00] pss=123.4MB java=29512KB native=20816KB graphics=4772KB
[2026-06-01 04:26:01] pss=126.2MB java=29772KB native=23568KB graphics=4776KB
[2026-06-01 04:27:02] pss=123.0MB java=28980KB native=21028KB graphics=4772KB
[2026-06-01 04:28:02] pss=126.7MB java=29948KB native=24036KB graphics=4756KB
[2026-06-01 04:29:03] pss=127.2MB java=30408KB native=24116KB graphics=4772KB
[2026-06-01 04:30:03] pss=128.6MB java=30320KB native=25660KB graphics=4768KB
[2026-06-01 04:31:04] pss=125.1MB java=30276KB native=22144KB graphics=4772KB
[2026-06-01 04:32:05] pss=124.9MB java=30316KB native=21904KB graphics=4776KB
[2026-06-01 04:33:05] pss=123.0MB java=29304KB native=21012KB graphics=4768KB
[2026-06-01 04:34:06] pss=126.4MB java=31100KB native=22652KB graphics=4768KB
[2026-06-01 04:35:07] pss=122.9MB java=28676KB native=21680KB graphics=4768KB
[2026-06-01 04:36:07] pss=125.2MB java=29660KB native=23444KB graphics=4772KB
[2026-06-01 04:37:08] pss=125.7MB java=30252KB native=24020KB graphics=4760KB
[2026-06-01 04:38:08] pss=123.1MB java=29832KB native=21780KB graphics=4768KB
[2026-06-01 04:39:09] pss=124.9MB java=29752KB native=23788KB graphics=4768KB
[2026-06-01 04:40:10] pss=127.6MB java=31368KB native=24912KB graphics=4768KB
[2026-06-01 04:41:10] pss=125.3MB java=29592KB native=24324KB graphics=4780KB
[2026-06-01 04:42:11] pss=125.3MB java=31136KB native=22720KB graphics=4768KB
[2026-06-01 04:43:12] pss=126.7MB java=30668KB native=24640KB graphics=4760KB
[2026-06-01 04:44:12] pss=125.6MB java=29980KB native=24284KB graphics=4756KB
[2026-06-01 04:45:13] pss=123.5MB java=29492KB native=22548KB graphics=4772KB
[2026-06-01 04:46:13] pss=124.9MB java=29772KB native=23764KB graphics=4768KB
[2026-06-01 04:47:14] pss=124.6MB java=29380KB native=23780KB graphics=4768KB
[2026-06-01 04:48:15] pss=125.1MB java=29748KB native=23908KB graphics=4768KB
[2026-06-01 04:49:15] pss=122.1MB java=29360KB native=21220KB graphics=4768KB
[2026-06-01 04:50:16] pss=124.5MB java=29040KB native=24096KB graphics=4768KB
[2026-06-01 04:51:16] pss=123.3MB java=28736KB native=23168KB graphics=4768KB
[2026-06-01 04:52:17] pss=120.9MB java=28204KB native=21208KB graphics=4768KB
[2026-06-01 04:53:18] pss=126.5MB java=30544KB native=24588KB graphics=4768KB
[2026-06-01 04:54:18] pss=124.8MB java=29556KB native=23844KB graphics=4772KB
[2026-06-01 04:55:19] pss=121.9MB java=29184KB native=21240KB graphics=4760KB
[2026-06-01 04:56:20] pss=120.9MB java=28680KB native=20676KB graphics=4768KB
[2026-06-01 04:57:20] pss=125.6MB java=30316KB native=23948KB graphics=4768KB
[2026-06-01 04:58:21] pss=123.4MB java=30408KB native=21548KB graphics=4772KB
[2026-06-01 04:59:21] pss=123.7MB java=28956KB native=23312KB graphics=4772KB
[2026-06-01 05:00:22] pss=122.8MB java=30028KB native=21356KB graphics=4768KB
[2026-06-01 05:01:23] pss=122.7MB java=29472KB native=21800KB graphics=4772KB
[2026-06-01 05:02:23] pss=122.3MB java=30096KB native=20752KB graphics=4760KB
[2026-06-01 05:03:24] pss=121.1MB java=28180KB native=21408KB graphics=4776KB
[2026-06-01 05:04:25] pss=125.5MB java=30020KB native=24120KB graphics=4768KB
[2026-06-01 05:05:25] pss=121.7MB java=29320KB native=20904KB graphics=4768KB
[2026-06-01 05:06:26] pss=122.3MB java=29280KB native=21504KB graphics=4768KB
[2026-06-01 05:07:26] pss=122.0MB java=27992KB native=22548KB graphics=4756KB
[2026-06-01 05:08:27] pss=122.8MB java=28576KB native=22624KB graphics=4772KB
[2026-06-01 05:09:28] pss=123.8MB java=29080KB native=23184KB graphics=4772KB
[2026-06-01 05:10:28] pss=122.3MB java=29664KB native=21096KB graphics=4768KB
[2026-06-01 05:11:29] pss=123.6MB java=30100KB native=21976KB graphics=4768KB
[2026-06-01 05:12:29] pss=121.7MB java=28848KB native=21236KB graphics=4776KB
[2026-06-01 05:13:30] pss=124.3MB java=29000KB native=23724KB graphics=4768KB
[2026-06-01 05:14:31] pss=121.0MB java=29076KB native=20360KB graphics=4768KB
[2026-06-01 05:15:31] pss=124.3MB java=29180KB native=23612KB graphics=4768KB
[2026-06-01 05:16:32] pss=125.5MB java=29884KB native=24100KB graphics=4776KB
[2026-06-01 05:17:33] pss=126.8MB java=30864KB native=24428KB graphics=4772KB
[2026-06-01 05:18:33] pss=122.2MB java=29432KB native=21232KB graphics=4772KB
[2026-06-01 05:19:34] pss=122.5MB java=28928KB native=21980KB graphics=4768KB
[2026-06-01 05:20:35] pss=125.5MB java=30848KB native=23104KB graphics=4772KB
[2026-06-01 05:21:35] pss=124.7MB java=29604KB native=23592KB graphics=4772KB
[2026-06-01 05:22:36] pss=126.0MB java=30428KB native=24128KB graphics=4768KB
[2026-06-01 05:23:36] pss=127.9MB java=30304KB native=26136KB graphics=4776KB
[2026-06-01 05:24:37] pss=121.9MB java=28980KB native=21320KB graphics=4768KB
[2026-06-01 05:25:38] pss=125.2MB java=29596KB native=24064KB graphics=4772KB
[2026-06-01 05:26:38] pss=125.3MB java=29576KB native=24228KB graphics=4780KB
[2026-06-01 05:27:39] pss=126.9MB java=30780KB native=24644KB graphics=4768KB
[2026-06-01 05:28:40] pss=123.2MB java=29688KB native=21960KB graphics=4768KB
[2026-06-01 05:29:40] pss=124.4MB java=29848KB native=23012KB graphics=4776KB
[2026-06-01 05:30:41] pss=124.1MB java=29204KB native=23376KB graphics=4768KB
[2026-06-01 05:31:41] pss=123.5MB java=29936KB native=22012KB graphics=4768KB
[2026-06-01 05:32:42] pss=125.3MB java=29904KB native=23852KB graphics=4772KB
[2026-06-01 05:33:43] pss=125.4MB java=30992KB native=22936KB graphics=4772KB
[2026-06-01 05:34:43] pss=122.8MB java=29200KB native=22036KB graphics=4780KB
[2026-06-01 05:35:44] pss=124.6MB java=30000KB native=23064KB graphics=4780KB
[2026-06-01 05:36:44] pss=120.8MB java=28104KB native=21120KB graphics=4772KB
[2026-06-01 05:37:45] pss=125.6MB java=30408KB native=23700KB graphics=4768KB
[2026-06-01 05:38:46] pss=123.0MB java=29352KB native=22028KB graphics=4772KB
[2026-06-01 05:39:46] pss=124.9MB java=29652KB native=23716KB graphics=4772KB
[2026-06-01 05:40:47] pss=123.9MB java=30396KB native=21988KB graphics=4776KB
[2026-06-01 05:41:48] pss=123.5MB java=29944KB native=22044KB graphics=4768KB
[2026-06-01 05:42:48] pss=123.9MB java=30436KB native=21936KB graphics=4772KB
[2026-06-01 05:43:49] pss=124.6MB java=30540KB native=22556KB graphics=4772KB
[2026-06-01 05:44:49] pss=125.1MB java=30908KB native=22648KB graphics=4772KB
[2026-06-01 05:45:50] pss=122.9MB java=28504KB native=22848KB graphics=4768KB
[2026-06-01 05:46:51] pss=120.9MB java=28428KB native=20872KB graphics=4768KB
[2026-06-01 05:47:51] pss=122.7MB java=28492KB native=22616KB graphics=4772KB
[2026-06-01 05:48:52] pss=123.1MB java=28560KB native=23020KB graphics=4768KB
[2026-06-01 05:49:53] pss=121.6MB java=28756KB native=21252KB graphics=4768KB
[2026-06-01 05:50:53] pss=123.0MB java=28444KB native=22980KB graphics=4768KB
[2026-06-01 05:51:54] pss=121.3MB java=28408KB native=21312KB graphics=4768KB
[2026-06-01 05:52:54] pss=121.3MB java=28564KB native=21184KB graphics=4768KB
[2026-06-01 05:53:55] pss=121.3MB java=28476KB native=21196KB graphics=4760KB
[2026-06-01 05:54:56] pss=123.0MB java=28456KB native=23016KB graphics=4772KB
[2026-06-01 05:55:56] pss=120.2MB java=28408KB native=20120KB graphics=4768KB
[2026-06-01 05:56:57] pss=121.3MB java=28540KB native=21156KB graphics=4768KB
[2026-06-01 05:57:57] pss=123.0MB java=28472KB native=22984KB graphics=4772KB
[2026-06-01 05:58:58] pss=121.5MB java=29080KB native=20756KB graphics=4772KB
[2026-06-01 05:59:59] pss=121.1MB java=28596KB native=20872KB graphics=4768KB
[2026-06-01 06:00:59] pss=121.0MB java=28468KB native=20872KB graphics=4768KB
[2026-06-01 06:02:00] pss=120.8MB java=28340KB native=20848KB graphics=4772KB
[2026-06-01 06:03:01] pss=120.8MB java=28264KB native=20848KB graphics=4772KB
[2026-06-01 06:04:01] pss=122.5MB java=28192KB native=22728KB graphics=4768KB
[2026-06-01 06:05:02] pss=120.9MB java=28304KB native=20968KB graphics=4772KB
[2026-06-01 06:06:02] pss=121.1MB java=28492KB native=20952KB graphics=4776KB
[2026-06-01 06:07:03] pss=122.6MB java=28248KB native=22792KB graphics=4772KB
[2026-06-01 06:08:04] pss=122.9MB java=28552KB native=22780KB graphics=4772KB
[2026-06-01 06:09:04] pss=123.2MB java=28296KB native=23284KB graphics=4772KB
[2026-06-01 06:10:05] pss=121.1MB java=28412KB native=21088KB graphics=4780KB
[2026-06-01 06:11:05] pss=122.8MB java=28164KB native=23012KB graphics=4772KB
[2026-06-01 06:12:06] pss=121.3MB java=28492KB native=21152KB graphics=4768KB
[2026-06-01 06:13:07] pss=122.8MB java=28360KB native=22872KB graphics=4776KB
[2026-06-01 06:14:07] pss=123.3MB java=28608KB native=23100KB graphics=4780KB
[2026-06-01 06:15:08] pss=122.6MB java=28004KB native=23064KB graphics=4772KB
[2026-06-01 06:16:09] pss=122.0MB java=29140KB native=21272KB graphics=4768KB
[2026-06-01 06:17:09] pss=125.1MB java=29880KB native=23732KB graphics=4768KB
[2026-06-01 06:18:10] pss=122.8MB java=28496KB native=22776KB graphics=4768KB
[2026-06-01 06:19:11] pss=123.7MB java=30304KB native=21776KB graphics=4772KB
[2026-06-01 06:20:11] pss=123.7MB java=28740KB native=23260KB graphics=4772KB
[2026-06-01 06:21:12] pss=122.4MB java=29704KB native=20812KB graphics=4768KB
[2026-06-01 06:22:12] pss=123.9MB java=30024KB native=21896KB graphics=4772KB
[2026-06-01 06:23:13] pss=124.5MB java=29156KB native=23332KB graphics=4772KB
[2026-06-01 06:24:14] pss=125.6MB java=29152KB native=23836KB graphics=4768KB
[2026-06-01 06:25:14] pss=122.3MB java=29400KB native=20476KB graphics=4772KB
[2026-06-01 06:26:15] pss=120.3MB java=27012KB native=20772KB graphics=4756KB
[2026-06-01 06:27:16] pss=124.7MB java=29292KB native=23028KB graphics=4772KB
[2026-06-01 06:28:16] pss=122.8MB java=28592KB native=21736KB graphics=4772KB
[2026-06-01 06:29:17] pss=121.2MB java=27664KB native=21044KB graphics=4768KB
[2026-06-01 06:30:17] pss=122.4MB java=27272KB native=22696KB graphics=4768KB
[2026-06-01 06:31:18] pss=121.0MB java=27516KB native=20996KB graphics=4776KB
[2026-06-01 06:32:19] pss=120.7MB java=27152KB native=21004KB graphics=4768KB
[2026-06-01 06:33:19] pss=120.7MB java=27364KB native=20824KB graphics=4772KB
[2026-06-01 06:34:20] pss=120.9MB java=27360KB native=21020KB graphics=4756KB
[2026-06-01 06:35:21] pss=120.5MB java=26908KB native=21052KB graphics=4772KB
[2026-06-01 06:36:21] pss=120.7MB java=27476KB native=20936KB graphics=4780KB
[2026-06-01 06:37:22] pss=120.4MB java=27184KB native=20968KB graphics=4768KB
[2026-06-01 06:38:22] pss=122.4MB java=27240KB native=22920KB graphics=4780KB
[2026-06-01 06:39:23] pss=122.0MB java=27060KB native=22668KB graphics=4768KB
[2026-06-01 06:40:24] pss=120.2MB java=27080KB native=20780KB graphics=4780KB
[2026-06-01 06:41:24] pss=120.5MB java=27372KB native=20828KB graphics=4768KB
[2026-06-01 06:42:25] pss=119.3MB java=27236KB native=19740KB graphics=4768KB
[2026-06-01 06:43:26] pss=122.5MB java=27596KB native=22616KB graphics=4772KB
[2026-06-01 06:44:26] pss=121.9MB java=27132KB native=22536KB graphics=4768KB
[2026-06-01 06:45:27] pss=120.7MB java=26988KB native=21448KB graphics=4772KB
[2026-06-01 06:46:27] pss=121.9MB java=27204KB native=22416KB graphics=4768KB
[2026-06-01 06:47:28] pss=121.1MB java=27832KB native=21036KB graphics=4776KB
[2026-06-01 06:48:29] pss=121.9MB java=27292KB native=22380KB graphics=4768KB
[2026-06-01 06:49:29] pss=120.1MB java=27316KB native=20424KB graphics=4768KB
[2026-06-01 06:50:30] pss=120.1MB java=27332KB native=20428KB graphics=4768KB
[2026-06-01 06:51:31] pss=121.6MB java=26992KB native=22360KB graphics=4768KB
[2026-06-01 06:52:31] pss=119.1MB java=27104KB native=19684KB graphics=4768KB
[2026-06-01 06:53:32] pss=121.2MB java=27380KB native=21588KB graphics=4760KB
[2026-06-01 06:54:32] pss=122.6MB java=27752KB native=22556KB graphics=4756KB
[2026-06-01 06:55:33] pss=120.2MB java=27004KB native=20804KB graphics=4776KB
[2026-06-01 06:56:34] pss=120.4MB java=27004KB native=20996KB graphics=4768KB
[2026-06-01 06:57:34] pss=122.8MB java=27872KB native=22656KB graphics=4768KB
[2026-06-01 06:58:35] pss=121.6MB java=27008KB native=22264KB graphics=4768KB
[2026-06-01 06:59:36] pss=121.7MB java=26720KB native=22580KB graphics=4768KB
[2026-06-01 07:00:36] pss=121.9MB java=27024KB native=22564KB graphics=4768KB
[2026-06-01 07:01:37] pss=120.1MB java=27092KB native=20584KB graphics=4768KB
[2026-06-01 07:02:37] pss=121.7MB java=26800KB native=22376KB graphics=4768KB
[2026-06-01 07:03:38] pss=121.8MB java=26836KB native=22372KB graphics=4780KB
[2026-06-01 07:04:39] pss=119.8MB java=26636KB native=20480KB graphics=4768KB
[2026-06-01 07:05:39] pss=122.8MB java=27328KB native=22796KB graphics=4768KB
[2026-06-01 07:06:40] pss=120.5MB java=26856KB native=20900KB graphics=4768KB
[2026-06-01 07:07:40] pss=123.7MB java=27716KB native=23296KB graphics=4772KB
[2026-06-01 07:08:41] pss=125.1MB java=28456KB native=23900KB graphics=4768KB
[2026-06-01 07:09:42] pss=125.6MB java=28820KB native=24000KB graphics=4772KB
[2026-06-01 07:10:42] pss=124.2MB java=27676KB native=23492KB graphics=4768KB
[2026-06-01 07:11:43] pss=124.3MB java=27636KB native=23576KB graphics=4768KB
[2026-06-01 07:12:44] pss=121.2MB java=27532KB native=20512KB graphics=4760KB
[2026-06-01 07:13:44] pss=124.5MB java=27616KB native=23820KB graphics=4776KB
[2026-06-01 07:14:45] pss=126.1MB java=28616KB native=24408KB graphics=4764KB
[2026-06-01 07:15:45] pss=122.4MB java=27468KB native=21864KB graphics=4768KB
[2026-06-01 07:16:46] pss=122.1MB java=26052KB native=22860KB graphics=4768KB
[2026-06-01 07:17:47] pss=125.0MB java=28680KB native=23208KB graphics=4768KB
[2026-06-01 07:18:47] pss=124.7MB java=27760KB native=23728KB graphics=4768KB
[2026-06-01 07:19:48] pss=126.4MB java=28752KB native=24528KB graphics=4768KB
[2026-06-01 07:20:49] pss=127.9MB java=27992KB native=26748KB graphics=4764KB
[2026-06-01 07:21:49] pss=123.4MB java=28204KB native=21912KB graphics=4760KB
[2026-06-01 07:22:50] pss=124.0MB java=27824KB native=22912KB graphics=4768KB
[2026-06-01 07:23:50] pss=123.5MB java=27624KB native=22476KB graphics=4768KB
[2026-06-01 07:24:51] pss=122.5MB java=26028KB native=22876KB graphics=4768KB
[2026-06-01 07:25:52] pss=122.8MB java=26844KB native=22300KB graphics=4768KB
[2026-06-01 07:26:52] pss=123.1MB java=26076KB native=23356KB graphics=4768KB
[2026-06-01 07:27:53] pss=122.5MB java=26464KB native=22236KB graphics=4764KB
[2026-06-01 07:28:54] pss=122.0MB java=25228KB native=22888KB graphics=4768KB
[2026-06-01 07:29:54] pss=121.5MB java=26112KB native=21352KB graphics=4772KB
[2026-06-01 07:30:55] pss=123.7MB java=25756KB native=23876KB graphics=4780KB
[2026-06-01 07:31:55] pss=120.9MB java=25288KB native=21364KB graphics=4768KB
[2026-06-01 07:32:56] pss=122.5MB java=25156KB native=23196KB graphics=4768KB
[2026-06-01 07:33:57] pss=122.9MB java=25380KB native=23380KB graphics=4780KB
[2026-06-01 07:34:57] pss=122.7MB java=25024KB native=23392KB graphics=4768KB
[2026-06-01 07:35:58] pss=120.8MB java=24992KB native=21532KB graphics=4756KB
[2026-06-01 07:36:59] pss=122.7MB java=25012KB native=23344KB graphics=4772KB
[2026-06-01 07:37:59] pss=122.6MB java=25124KB native=23180KB graphics=4768KB
[2026-06-01 07:39:00] pss=120.7MB java=24924KB native=21348KB graphics=4756KB
[2026-06-01 07:40:00] pss=121.1MB java=25336KB native=21252KB graphics=4780KB
[2026-06-01 07:41:01] pss=120.7MB java=25016KB native=21240KB graphics=4768KB
[2026-06-01 07:42:02] pss=120.6MB java=24932KB native=21192KB graphics=4768KB
[2026-06-01 07:43:02] pss=123.7MB java=26168KB native=23140KB graphics=4768KB
[2026-06-01 07:44:03] pss=122.7MB java=25188KB native=23048KB graphics=4756KB
[2026-06-01 07:45:03] pss=122.4MB java=24992KB native=22976KB graphics=4780KB
[2026-06-01 07:46:04] pss=121.5MB java=25088KB native=21952KB graphics=4764KB
[2026-06-01 07:47:05] pss=123.4MB java=25956KB native=22976KB graphics=4780KB
[2026-06-01 07:48:05] pss=123.8MB java=26208KB native=23196KB graphics=4768KB
[2026-06-01 07:49:06] pss=121.3MB java=25772KB native=21096KB graphics=4760KB
[2026-06-01 07:50:07] pss=122.6MB java=25124KB native=23072KB graphics=4768KB
[2026-06-01 07:51:07] pss=122.4MB java=24904KB native=23096KB graphics=4780KB
[2026-06-01 07:52:08] pss=123.7MB java=26104KB native=23228KB graphics=4768KB
[2026-06-01 07:53:08] pss=120.9MB java=25144KB native=21284KB graphics=4768KB
[2026-06-01 07:54:09] pss=119.8MB java=25000KB native=20252KB graphics=4780KB
[2026-06-01 07:55:10] pss=123.4MB java=25892KB native=23112KB graphics=4768KB
[2026-06-01 07:56:10] pss=123.9MB java=28036KB native=21452KB graphics=4768KB
[2026-06-01 07:57:11] pss=125.6MB java=25176KB native=26072KB graphics=4768KB
[2026-06-01 07:58:12] pss=120.9MB java=25924KB native=20504KB graphics=4768KB
[2026-06-01 07:59:12] pss=122.1MB java=25264KB native=22336KB graphics=4768KB
[2026-06-01 08:00:13] pss=121.8MB java=24900KB native=22440KB graphics=4768KB
[2026-06-01 08:01:13] pss=121.9MB java=25116KB native=22340KB graphics=4768KB
[2026-06-01 08:02:14] pss=120.1MB java=24880KB native=20732KB graphics=4772KB
[2026-06-01 08:03:15] pss=120.2MB java=25028KB native=20636KB graphics=4780KB
[2026-06-01 08:04:15] pss=120.5MB java=25248KB native=20772KB graphics=4768KB
[2026-06-01 08:05:16] pss=121.5MB java=25064KB native=21948KB graphics=4768KB
[2026-06-01 08:06:17] pss=121.9MB java=25648KB native=21732KB graphics=4768KB
[2026-06-01 08:07:17] pss=121.7MB java=24908KB native=22292KB graphics=4768KB
[2026-06-01 08:08:18] pss=121.9MB java=24896KB native=22512KB graphics=4780KB
[2026-06-01 08:09:18] pss=122.1MB java=25212KB native=22412KB graphics=4780KB
[2026-06-01 08:10:19] pss=121.9MB java=24952KB native=22480KB graphics=4768KB
[2026-06-01 08:11:20] pss=122.1MB java=25228KB native=22372KB graphics=4776KB
[2026-06-01 08:12:20] pss=120.3MB java=25188KB native=20572KB graphics=4768KB
[2026-06-01 08:13:21] pss=122.2MB java=25204KB native=22484KB graphics=4768KB
[2026-06-01 08:14:22] pss=122.2MB java=25224KB native=22500KB graphics=4768KB
[2026-06-01 08:15:22] pss=122.4MB java=25224KB native=22752KB graphics=4768KB
[2026-06-01 08:16:23] pss=121.8MB java=25740KB native=21600KB graphics=4772KB
[2026-06-01 08:17:24] pss=121.9MB java=24944KB native=22508KB graphics=4768KB
[2026-06-01 08:18:24] pss=121.9MB java=25088KB native=22360KB graphics=4772KB
[2026-06-01 08:19:25] pss=121.8MB java=25084KB native=22060KB graphics=4768KB
[2026-06-01 08:20:25] pss=122.1MB java=25160KB native=22312KB graphics=4760KB
[2026-06-01 08:21:26] pss=121.6MB java=24728KB native=22236KB graphics=4772KB
[2026-06-01 08:22:27] pss=122.0MB java=25088KB native=22228KB graphics=4768KB
[2026-06-01 08:23:27] pss=122.0MB java=25096KB native=22208KB graphics=4776KB
[2026-06-01 08:24:28] pss=123.1MB java=25116KB native=23348KB graphics=4764KB
[2026-06-01 08:25:29] pss=123.8MB java=25224KB native=23868KB graphics=4780KB
[2026-06-01 08:26:29] pss=121.8MB java=24760KB native=22380KB graphics=4768KB
[2026-06-01 08:27:30] pss=120.2MB java=25124KB native=20312KB graphics=4760KB
[2026-06-01 08:28:30] pss=122.2MB java=25124KB native=22348KB graphics=4768KB
[2026-06-01 08:29:31] pss=122.3MB java=25168KB native=22492KB graphics=4768KB
[2026-06-01 08:30:32] pss=122.0MB java=25100KB native=22272KB graphics=4772KB
[2026-06-01 08:31:32] pss=122.2MB java=25076KB native=22308KB graphics=4784KB
[2026-06-01 08:32:33] pss=122.1MB java=25248KB native=21760KB graphics=4768KB
[2026-06-01 08:33:33] pss=122.9MB java=24884KB native=22448KB graphics=4768KB
[2026-06-01 08:34:34] pss=120.2MB java=25244KB native=19340KB graphics=4768KB
[2026-06-01 08:35:35] pss=120.6MB java=25192KB native=19716KB graphics=4780KB
[2026-06-01 08:36:35] pss=121.8MB java=25104KB native=20840KB graphics=4756KB
[2026-06-01 08:37:36] pss=120.3MB java=24976KB native=18412KB graphics=4768KB
[2026-06-01 08:38:37] pss=120.4MB java=25136KB native=18388KB graphics=4756KB
[2026-06-01 08:39:37] pss=121.6MB java=24700KB native=19956KB graphics=4768KB
[2026-06-01 08:40:38] pss=120.1MB java=24904KB native=18216KB graphics=4772KB
[2026-06-01 08:41:39] pss=120.2MB java=25008KB native=18308KB graphics=4772KB
[2026-06-01 08:42:39] pss=121.9MB java=24924KB native=20052KB graphics=4772KB
[2026-06-01 08:43:40] pss=124.6MB java=24820KB native=22892KB graphics=4768KB
[2026-06-01 08:44:41] pss=122.4MB java=25472KB native=20012KB graphics=4760KB
[2026-06-01 08:45:44] pss=120.4MB java=25360KB native=18020KB graphics=4768KB
[2026-06-01 08:46:44] pss=121.8MB java=24844KB native=20028KB graphics=4768KB
[2026-06-01 08:47:45] pss=122.0MB java=24868KB native=20084KB graphics=4768KB
[2026-06-01 08:48:45] pss=121.8MB java=24796KB native=19896KB graphics=4772KB
[2026-06-01 08:49:46] pss=122.5MB java=24708KB native=20700KB graphics=4776KB
[2026-06-01 08:50:47] pss=120.9MB java=24860KB native=18928KB graphics=4768KB
[2026-06-01 08:51:47] pss=120.2MB java=24768KB native=18292KB graphics=4768KB
[2026-06-01 08:52:48] pss=121.9MB java=24792KB native=19992KB graphics=4768KB
[2026-06-01 08:53:49] pss=120.3MB java=24824KB native=18248KB graphics=4780KB
[2026-06-01 08:54:49] pss=120.6MB java=25076KB native=18256KB graphics=4780KB
[2026-06-01 08:55:50] pss=122.1MB java=24868KB native=19996KB graphics=4760KB
[2026-06-01 08:56:51] pss=121.7MB java=24444KB native=19996KB graphics=4768KB
[2026-06-01 08:57:51] pss=121.8MB java=24600KB native=19800KB graphics=4768KB
[2026-06-01 08:58:52] pss=120.1MB java=24564KB native=18008KB graphics=4768KB
[2026-06-01 08:59:53] pss=119.5MB java=24444KB native=17496KB graphics=4768KB
[2026-06-01 09:00:53] pss=120.8MB java=25156KB native=18048KB graphics=4768KB
[2026-06-01 09:01:54] pss=119.9MB java=24320KB native=17928KB graphics=4772KB
[2026-06-01 09:02:54] pss=122.0MB java=24508KB native=19876KB graphics=4768KB
[2026-06-01 09:03:55] pss=120.0MB java=24436KB native=17920KB graphics=4780KB
[2026-06-01 09:04:56] pss=121.5MB java=24008KB native=19740KB graphics=4772KB
[2026-06-01 09:05:56] pss=121.8MB java=24212KB native=19736KB graphics=4764KB
[2026-06-01 09:06:57] pss=123.2MB java=23880KB native=21448KB graphics=4768KB
[2026-06-01 09:07:58] pss=122.5MB java=24308KB native=20240KB graphics=4780KB
[2026-06-01 09:08:58] pss=122.0MB java=24268KB native=19756KB graphics=4772KB
[2026-06-01 09:09:59] pss=120.4MB java=23988KB native=18220KB graphics=4768KB
[2026-06-01 09:10:59] pss=122.2MB java=23836KB native=20104KB graphics=4768KB
[2026-06-01 09:12:00] pss=120.5MB java=23744KB native=18252KB graphics=4756KB
[2026-06-01 09:13:01] pss=122.1MB java=23536KB native=19960KB graphics=4756KB
[2026-06-01 09:14:01] pss=122.3MB java=23200KB native=20208KB graphics=4892KB
[2026-06-01 09:15:02] pss=120.4MB java=23260KB native=18256KB graphics=4768KB
[2026-06-01 09:16:03] pss=122.5MB java=23180KB native=20208KB graphics=4768KB
[2026-06-01 09:17:03] pss=124.0MB java=24260KB native=20552KB graphics=4768KB
[2026-06-01 09:18:04] pss=122.6MB java=22912KB native=20412KB graphics=4768KB
[2026-06-01 09:19:05] pss=119.6MB java=23720KB native=16516KB graphics=4768KB
[2026-06-01 09:20:05] pss=122.4MB java=23816KB native=19196KB graphics=4768KB
[2026-06-01 09:21:06] pss=121.4MB java=23732KB native=18200KB graphics=4768KB
[2026-06-01 09:22:06] pss=124.5MB java=24688KB native=20456KB graphics=4772KB
[2026-06-01 09:23:07] pss=122.8MB java=24436KB native=18908KB graphics=4784KB
[2026-06-01 09:24:08] pss=122.9MB java=23148KB native=20164KB graphics=4768KB
[2026-06-01 09:25:08] pss=120.9MB java=23228KB native=18036KB graphics=4768KB
[2026-06-01 09:26:09] pss=124.3MB java=24136KB native=20580KB graphics=4768KB
[2026-06-01 09:27:10] pss=120.8MB java=23144KB native=18040KB graphics=4760KB
[2026-06-01 09:28:10] pss=121.5MB java=23656KB native=18196KB graphics=4772KB
[2026-06-01 09:29:11] pss=122.2MB java=23768KB native=18876KB graphics=4784KB
[2026-06-01 09:30:12] pss=124.6MB java=24040KB native=20964KB graphics=4768KB
[2026-06-01 09:31:12] pss=124.1MB java=24584KB native=19936KB graphics=4768KB
[2026-06-01 09:32:13] pss=121.9MB java=23440KB native=18824KB graphics=4768KB
[2026-06-01 09:33:14] pss=120.9MB java=23292KB native=18024KB graphics=4772KB
[2026-06-01 09:34:14] pss=124.0MB java=24024KB native=20444KB graphics=4772KB
[2026-06-01 09:35:15] pss=122.9MB java=23232KB native=20100KB graphics=4780KB
[2026-06-01 09:36:16] pss=120.5MB java=23072KB native=17744KB graphics=4768KB
[2026-06-01 09:37:16] pss=120.8MB java=23344KB native=17848KB graphics=4772KB
[2026-06-01 09:38:17] pss=122.9MB java=24588KB native=18764KB graphics=4772KB
[2026-06-01 09:39:17] pss=126.2MB java=25120KB native=21536KB graphics=4768KB
[2026-06-01 09:40:18] pss=128.5MB java=25004KB native=24052KB graphics=4768KB
[2026-06-01 09:41:19] pss=126.3MB java=25272KB native=21552KB graphics=4768KB
[2026-06-01 09:42:19] pss=121.1MB java=23456KB native=18044KB graphics=4780KB
[2026-06-01 09:43:20] pss=122.0MB java=23408KB native=18964KB graphics=4768KB
[2026-06-01 09:44:21] pss=121.1MB java=23436KB native=17988KB graphics=4768KB
[2026-06-01 09:45:21] pss=122.7MB java=24084KB native=19012KB graphics=4768KB
[2026-06-01 09:46:22] pss=121.5MB java=22744KB native=19152KB graphics=4772KB
[2026-06-01 09:47:23] pss=123.2MB java=24012KB native=19656KB graphics=4780KB
[2026-06-01 09:48:23] pss=123.0MB java=23044KB native=20484KB graphics=4768KB
[2026-06-01 09:49:24] pss=123.2MB java=23472KB native=20172KB graphics=4792KB
[2026-06-01 09:50:25] pss=122.6MB java=24236KB native=18904KB graphics=4768KB
[2026-06-01 09:51:25] pss=122.5MB java=24132KB native=18800KB graphics=4772KB
[2026-06-01 09:52:26] pss=122.7MB java=23348KB native=19828KB graphics=4768KB
[2026-06-01 09:53:27] pss=120.5MB java=23052KB native=17900KB graphics=4768KB
[2026-06-01 09:54:27] pss=122.7MB java=22900KB native=20324KB graphics=4780KB
[2026-06-01 09:55:28] pss=123.2MB java=23716KB native=19976KB graphics=4768KB
[2026-06-01 09:56:29] pss=125.0MB java=24584KB native=20924KB graphics=4768KB
[2026-06-01 09:57:29] pss=124.1MB java=24024KB native=20592KB graphics=4768KB
[2026-06-01 09:58:30] pss=124.5MB java=24232KB native=20816KB graphics=4772KB
[2026-06-01 09:59:31] pss=120.2MB java=22684KB native=17924KB graphics=4756KB
[2026-06-01 10:00:31] pss=121.7MB java=22568KB native=19600KB graphics=4768KB
[2026-06-01 10:01:32] pss=122.1MB java=22804KB native=19760KB graphics=4768KB
[2026-06-01 10:02:32] pss=119.8MB java=22484KB native=17804KB graphics=4760KB
[2026-06-01 10:03:33] pss=120.8MB java=22480KB native=18756KB graphics=4760KB
[2026-06-01 10:04:34] pss=124.2MB java=22600KB native=22120KB graphics=4768KB
[2026-06-01 10:05:34] pss=122.0MB java=22792KB native=19684KB graphics=4768KB
[2026-06-01 10:06:35] pss=120.9MB java=22876KB native=18532KB graphics=4756KB
[2026-06-01 10:07:36] pss=123.8MB java=22972KB native=21312KB graphics=4772KB
Terminated: 15
==> cleanup
==> results in docs/findings/runs/long-soak-6t-live-upstairs-v3-20260531-2229
==> cleanup
==> results in docs/findings/runs/long-soak-6t-live-upstairs-v3-20260531-2229
==> cleanup
==> results in docs/findings/runs/long-soak-6t-live-upstairs-v3-20260531-2229
