==> probe: tiles=4 duration=21600s device=<LAN_IP>:5555 helper=http://<LAN_IP>:8091
==> fetching helper-resolved live channels
    helper has 2 live channel(s); cycling to fill 4 tile(s)
==> capturing device facts
==> stopping prior instance + clearing logcat
==> launching probe: 4 tile(s)
==> pulling MYMTS_SOAK events
./scripts/probe-tile-count.sh: line 167: 11096 Terminated: 15          ( echo "timestamp,total_pss_kb,java_heap_kb,native_heap_kb,graphics_kb" > "$RUNDIR/meminfo.csv"; while sleep 60; do
    TS="$(date '+%Y-%m-%d %H:%M:%S')"; MEM="$(adb -s "$DEVICE" shell dumpsys -t 30 meminfo "$PACKAGE" 2>/dev/null || true)"; if echo "$MEM" | grep -q "TOTAL PSS"; then
        PSS=$(echo "$MEM" | grep "TOTAL PSS:" | awk '{print $3}'); JAVA=$(echo "$MEM" | grep "Java Heap:" | awk '{print $3}' | head -1); NATIVE=$(echo "$MEM" | grep "Native Heap:" | awk '{print $3}' | head -1); GRAPHICS=$(echo "$MEM" | grep "Graphics:" | awk '{print $2}' | head -1); echo "$TS,${PSS:-0},${JAVA:-0},${NATIVE:-0},${GRAPHICS:-0}" >> "$RUNDIR/meminfo.csv";
    fi;
done )
==> stopping app
==> summary -> docs/findings/runs/long-soak-4t-20260601-2100/summary.json
{
  "verdict": {
    "tiles_requested": 4,
    "tiles_mounted": 0,
    "tiles_with_first_ready": 0,
    "tiles_live_at_end": 0,
    "tiles_dead_at_end": 0,
    "all_reached_live": false,
    "all_live_at_end": false
  },
  "memory": {
    "samples": 110,
    "pss_first_mb": 99.8,
    "pss_last_mb": 128.9,
    "pss_min_mb": 99.8,
    "pss_max_mb": 136.8,
    "pss_median_mb": 128.6
  },
  "per_tile": {}
}
